exports[`Uploader should render children 1`] = `
"<div><div class="" style="width: 200px; height: 200px; border-width: 2px; border-color: #666; border-style: dashed; border-radius: 5px;"><div style="display: flex; padding: 8px;"><p>Drag and drop assets here</p><div style="color: rgba(0, 0, 0, 0.87); background-color: rgb(255, 255, 255); box-sizing: border-box; font-family: Roboto, sans-serif; box-shadow: 0 1px 6px rgba(0, 0, 0, 0.12),
         0 1px 4px rgba(0, 0, 0, 0.12); border-radius: 2px; display: inline-block; min-width: 88px;"><button tabindex="0" type="button" style="border: 10px; box-sizing: border-box; display: inline-block; font-family: Roboto, sans-serif; cursor: pointer; text-decoration: none; margin: 0px; padding: 0px; outline: none; font-size: inherit; font-weight: inherit; position: relative; z-index: 1; height: 36px; line-height: 36px; width: 100%; border-radius: 2px; background-color: rgb(0, 188, 212); text-align: center;"><div><div style="height: 36px; border-radius: 2px; top: 0px;"><span style="position: relative; opacity: 1; font-size: 14px; letter-spacing: 0; text-transform: uppercase; font-weight: 500; margin: 0px; padding-left: 16px; padding-right: 16px; color: rgb(255, 255, 255);">Browse File</span></div></div></button></div></div><input type="file" multiple="" style="display: none;"></div></div>"
`;
